insert into MP_movie_genre (movie_id,genre_id) values (1,28),(1,53);
insert into MP_movie_genre (movie_id,genre_id) values (2,18),(2,14),(2,10751);
insert into MP_movie_genre (movie_id,genre_id) values (3,28),(3,80),(3,18),(3,53);
insert into MP_movie_genre (movie_id,genre_id) values (4,28),(4,53);
insert into MP_movie_genre (movie_id,genre_id) values (5,35),(5,18);
insert into MP_movie_genre (movie_id,genre_id) values (6,28),(6,12),(6,27),(6,878);
insert into MP_movie_genre (movie_id,genre_id) values (7,28),(7,27),(7,53);
insert into MP_movie_genre (movie_id,genre_id) values (8,28),(8,18),(8,14),(8,10752);
insert into MP_movie_genre (movie_id,genre_id) values (9,18),(9,27),(9,53);
insert into MP_movie_genre (movie_id,genre_id) values (10,35),(10,18);
insert into MP_movie_genre (movie_id,genre_id) values (11,28),(11,53),(11,27);
insert into MP_movie_genre (movie_id,genre_id) values (12,35),(12,10749),(12,14),(12,9648);
insert into MP_movie_genre (movie_id,genre_id) values (13,12),(13,16),(13,35),(13,14),(13,10402),(13,10751);
insert into MP_movie_genre (movie_id,genre_id) values (14,28),(14,18),(14,36),(14,10752);
insert into MP_movie_genre (movie_id,genre_id) values (15,18),(15,10749);
insert into MP_movie_genre (movie_id,genre_id) values (16,18),(16,10749);
insert into MP_movie_genre (movie_id,genre_id) values (17,18),(17,36),(17,10749);
insert into MP_movie_genre (movie_id,genre_id) values (18,18);
insert into MP_movie_genre (movie_id,genre_id) values (19,53),(19,18);
insert into MP_movie_genre (movie_id,genre_id) values (20,27),(20,878),(20,53);
insert into MP_movie_genre (movie_id,genre_id) values (21,28),(21,16);
insert into MP_movie_genre (movie_id,genre_id) values (22,28),(22,14),(22,53);
insert into MP_movie_genre (movie_id,genre_id) values (23,18),(23,36),(23,10752);
insert into MP_movie_genre (movie_id,genre_id) values (24,18),(24,10402);
insert into MP_movie_genre (movie_id,genre_id) values (25,35),(25,878),(25,12);
insert into MP_movie_genre (movie_id,genre_id) values (26,18),(26,27),(26,53);
insert into MP_movie_genre (movie_id,genre_id) values (27,14),(27,10751),(27,12),(27,18);
insert into MP_movie_genre (movie_id,genre_id) values (28,14),(28,27),(28,53),(28,10752);
insert into MP_movie_genre (movie_id,genre_id) values (29,28),(29,53);
insert into MP_movie_genre (movie_id,genre_id) values (30,18),(30,53);
insert into MP_movie_genre (movie_id,genre_id) values (31,28),(31,12),(31,35);
insert into MP_movie_genre (movie_id,genre_id) values (32,878);
insert into MP_movie_genre (movie_id,genre_id) values (33,878);
insert into MP_movie_genre (movie_id,genre_id) values (34,80),(34,18),(34,53);
insert into MP_movie_genre (movie_id,genre_id) values (35,18);
insert into MP_movie_genre (movie_id,genre_id) values (36,28),(36,878);
insert into MP_movie_genre (movie_id,genre_id) values (37,16),(37,35),(37,12),(37,14),(37,10751);
insert into MP_movie_genre (movie_id,genre_id) values (38,27);
insert into MP_movie_genre (movie_id,genre_id) values (39,99),(39,27);
insert into MP_movie_genre (movie_id,genre_id) values (40,53),(40,18);
insert into MP_movie_genre (movie_id,genre_id) values (41,18),(41,10749);
insert into MP_movie_genre (movie_id,genre_id) values (42,null);
insert into MP_movie_genre (movie_id,genre_id) values (43,99);
insert into MP_movie_genre (movie_id,genre_id) values (44,28),(44,80),(44,18),(44,53);
insert into MP_movie_genre (movie_id,genre_id) values (45,18);
insert into MP_movie_genre (movie_id,genre_id) values (46,18);
insert into MP_movie_genre (movie_id,genre_id) values (47,35);
insert into MP_movie_genre (movie_id,genre_id) values (48,18);
insert into MP_movie_genre (movie_id,genre_id) values (49,27);
insert into MP_movie_genre (movie_id,genre_id) values (50,18),(50,10749);
insert into MP_movie_genre (movie_id,genre_id) values (51,28),(51,80),(51,18);
insert into MP_movie_genre (movie_id,genre_id) values (52,18),(52,10752);
insert into MP_movie_genre (movie_id,genre_id) values (53,12),(53,16),(53,35);
insert into MP_movie_genre (movie_id,genre_id) values (54,35),(54,18),(54,10751);
insert into MP_movie_genre (movie_id,genre_id) values (55,53);
insert into MP_movie_genre (movie_id,genre_id) values (56,18),(56,10751);
insert into MP_movie_genre (movie_id,genre_id) values (57,10751);
insert into MP_movie_genre (movie_id,genre_id) values (58,99);
insert into MP_movie_genre (movie_id,genre_id) values (59,18);
insert into MP_movie_genre (movie_id,genre_id) values (60,27),(60,53);
insert into MP_movie_genre (movie_id,genre_id) values (61,80),(61,18);
insert into MP_movie_genre (movie_id,genre_id) values (62,null);
insert into MP_movie_genre (movie_id,genre_id) values (63,80),(63,18);
insert into MP_movie_genre (movie_id,genre_id) values (64,18),(64,10749);
insert into MP_movie_genre (movie_id,genre_id) values (65,99),(65,27);
insert into MP_movie_genre (movie_id,genre_id) values (66,12),(66,878);
insert into MP_movie_genre (movie_id,genre_id) values (67,28),(67,35),(67,27),(67,878);
insert into MP_movie_genre (movie_id,genre_id) values (68,18),(68,53);
insert into MP_movie_genre (movie_id,genre_id) values (69,16),(69,35),(69,10751);
insert into MP_movie_genre (movie_id,genre_id) values (70,18);
insert into MP_movie_genre (movie_id,genre_id) values (71,28),(71,12),(71,14);
insert into MP_movie_genre (movie_id,genre_id) values (72,35);
insert into MP_movie_genre (movie_id,genre_id) values (73,null);
insert into MP_movie_genre (movie_id,genre_id) values (74,35),(74,18);
insert into MP_movie_genre (movie_id,genre_id) values (75,35);
insert into MP_movie_genre (movie_id,genre_id) values (76,18),(76,10402);
insert into MP_movie_genre (movie_id,genre_id) values (77,18);
insert into MP_movie_genre (movie_id,genre_id) values (78,18);
insert into MP_movie_genre (movie_id,genre_id) values (79,18);
insert into MP_movie_genre (movie_id,genre_id) values (80,28),(80,12),(80,16),(80,35),(80,10751);
insert into MP_movie_genre (movie_id,genre_id) values (81,27),(81,53);
insert into MP_movie_genre (movie_id,genre_id) values (82,18),(82,10749);
insert into MP_movie_genre (movie_id,genre_id) values (83,18);
insert into MP_movie_genre (movie_id,genre_id) values (84,53);
insert into MP_movie_genre (movie_id,genre_id) values (85,35),(85,18),(85,878);
insert into MP_movie_genre (movie_id,genre_id) values (86,18);
insert into MP_movie_genre (movie_id,genre_id) values (87,80),(87,18);
insert into MP_movie_genre (movie_id,genre_id) values (88,null);
insert into MP_movie_genre (movie_id,genre_id) values (89,18),(89,53);
insert into MP_movie_genre (movie_id,genre_id) values (90,53);
insert into MP_movie_genre (movie_id,genre_id) values (91,35);
insert into MP_movie_genre (movie_id,genre_id) values (92,35);
insert into MP_movie_genre (movie_id,genre_id) values (93,53);
insert into MP_movie_genre (movie_id,genre_id) values (94,80);
insert into MP_movie_genre (movie_id,genre_id) values (95,18),(95,80),(95,9648);
insert into MP_movie_genre (movie_id,genre_id) values (96,28),(96,37);
insert into MP_movie_genre (movie_id,genre_id) values (97,18);
insert into MP_movie_genre (movie_id,genre_id) values (98,18),(98,53);
insert into MP_movie_genre (movie_id,genre_id) values (99,18),(99,53);
insert into MP_movie_genre (movie_id,genre_id) values (100,35);
insert into MP_movie_genre (movie_id,genre_id) values (101,35),(101,18);
insert into MP_movie_genre (movie_id,genre_id) values (102,27);
insert into MP_movie_genre (movie_id,genre_id) values (103,99);
insert into MP_movie_genre (movie_id,genre_id) values (104,99);
insert into MP_movie_genre (movie_id,genre_id) values (105,99);
insert into MP_movie_genre (movie_id,genre_id) values (106,18),(106,35);
insert into MP_movie_genre (movie_id,genre_id) values (107,878);
insert into MP_movie_genre (movie_id,genre_id) values (108,80),(108,18),(108,53);
insert into MP_movie_genre (movie_id,genre_id) values (109,18);
insert into MP_movie_genre (movie_id,genre_id) values (110,12),(110,35);
insert into MP_movie_genre (movie_id,genre_id) values (111,18),(111,10402),(111,10749);
insert into MP_movie_genre (movie_id,genre_id) values (112,10752);
insert into MP_movie_genre (movie_id,genre_id) values (113,18);
insert into MP_movie_genre (movie_id,genre_id) values (114,99);
insert into MP_movie_genre (movie_id,genre_id) values (115,10749);
insert into MP_movie_genre (movie_id,genre_id) values (116,18);
insert into MP_movie_genre (movie_id,genre_id) values (117,18);
insert into MP_movie_genre (movie_id,genre_id) values (118,99),(118,18);
insert into MP_movie_genre (movie_id,genre_id) values (119,35),(119,10751);
insert into MP_movie_genre (movie_id,genre_id) values (120,10751);
insert into MP_movie_genre (movie_id,genre_id) values (121,18);
insert into MP_movie_genre (movie_id,genre_id) values (122,18),(122,53);
insert into MP_movie_genre (movie_id,genre_id) values (123,35);
insert into MP_movie_genre (movie_id,genre_id) values (124,16),(124,10751);
insert into MP_movie_genre (movie_id,genre_id) values (125,35),(125,80),(125,18);
insert into MP_movie_genre (movie_id,genre_id) values (126,35),(126,80);
insert into MP_movie_genre (movie_id,genre_id) values (127,18);
insert into MP_movie_genre (movie_id,genre_id) values (128,18);
insert into MP_movie_genre (movie_id,genre_id) values (129,18),(129,36);
insert into MP_movie_genre (movie_id,genre_id) values (130,18),(130,80);
insert into MP_movie_genre (movie_id,genre_id) values (131,18);
insert into MP_movie_genre (movie_id,genre_id) values (132,80),(132,53);
insert into MP_movie_genre (movie_id,genre_id) values (133,null);
insert into MP_movie_genre (movie_id,genre_id) values (134,35);
insert into MP_movie_genre (movie_id,genre_id) values (135,35),(135,18);
insert into MP_movie_genre (movie_id,genre_id) values (136,18);
insert into MP_movie_genre (movie_id,genre_id) values (137,80),(137,53);
insert into MP_movie_genre (movie_id,genre_id) values (138,99),(138,10402);
insert into MP_movie_genre (movie_id,genre_id) values (139,18),(139,10749);
insert into MP_movie_genre (movie_id,genre_id) values (140,878);
insert into MP_movie_genre (movie_id,genre_id) values (141,null);
insert into MP_movie_genre (movie_id,genre_id) values (142,35),(142,18),(142,53);
insert into MP_movie_genre (movie_id,genre_id) values (143,18);
insert into MP_movie_genre (movie_id,genre_id) values (144,18);
insert into MP_movie_genre (movie_id,genre_id) values (145,18),(145,28);
insert into MP_movie_genre (movie_id,genre_id) values (146,35);
insert into MP_movie_genre (movie_id,genre_id) values (147,16),(147,99);
insert into MP_movie_genre (movie_id,genre_id) values (148,99);
insert into MP_movie_genre (movie_id,genre_id) values (149,27),(149,53);
insert into MP_movie_genre (movie_id,genre_id) values (150,18);
insert into MP_movie_genre (movie_id,genre_id) values (151,16),(151,18);
insert into MP_movie_genre (movie_id,genre_id) values (152,99),(152,10402);
insert into MP_movie_genre (movie_id,genre_id) values (153,99);
insert into MP_movie_genre (movie_id,genre_id) values (154,16),(154,10751);
insert into MP_movie_genre (movie_id,genre_id) values (155,18);
insert into MP_movie_genre (movie_id,genre_id) values (156,18);
insert into MP_movie_genre (movie_id,genre_id) values (157,18);
insert into MP_movie_genre (movie_id,genre_id) values (158,35),(158,18);
insert into MP_movie_genre (movie_id,genre_id) values (159,18);
insert into MP_movie_genre (movie_id,genre_id) values (160,18),(160,10749);
insert into MP_movie_genre (movie_id,genre_id) values (161,99);
insert into MP_movie_genre (movie_id,genre_id) values (162,12),(162,16),(162,14);
insert into MP_movie_genre (movie_id,genre_id) values (163,10749);
insert into MP_movie_genre (movie_id,genre_id) values (164,18),(164,35);
insert into MP_movie_genre (movie_id,genre_id) values (165,35);
insert into MP_movie_genre (movie_id,genre_id) values (166,18),(166,14);
insert into MP_movie_genre (movie_id,genre_id) values (167,18);
insert into MP_movie_genre (movie_id,genre_id) values (168,null);
insert into MP_movie_genre (movie_id,genre_id) values (169,18);
insert into MP_movie_genre (movie_id,genre_id) values (170,35);
insert into MP_movie_genre (movie_id,genre_id) values (171,35),(171,18);
insert into MP_movie_genre (movie_id,genre_id) values (172,35),(172,10749);
insert into MP_movie_genre (movie_id,genre_id) values (173,18),(173,10749);
insert into MP_movie_genre (movie_id,genre_id) values (174,18),(174,35);
insert into MP_movie_genre (movie_id,genre_id) values (175,12);
insert into MP_movie_genre (movie_id,genre_id) values (176,28),(176,53);
insert into MP_movie_genre (movie_id,genre_id) values (177,18);
insert into MP_movie_genre (movie_id,genre_id) values (178,99);
insert into MP_movie_genre (movie_id,genre_id) values (179,53);
insert into MP_movie_genre (movie_id,genre_id) values (180,18);
insert into MP_movie_genre (movie_id,genre_id) values (181,null);
insert into MP_movie_genre (movie_id,genre_id) values (182,35);
insert into MP_movie_genre (movie_id,genre_id) values (183,99);
insert into MP_movie_genre (movie_id,genre_id) values (184,18),(184,36);
insert into MP_movie_genre (movie_id,genre_id) values (185,10402),(185,10749);
insert into MP_movie_genre (movie_id,genre_id) values (186,18);
insert into MP_movie_genre (movie_id,genre_id) values (187,53);
insert into MP_movie_genre (movie_id,genre_id) values (188,99),(188,18);
insert into MP_movie_genre (movie_id,genre_id) values (189,18);
insert into MP_movie_genre (movie_id,genre_id) values (190,10749);
insert into MP_movie_genre (movie_id,genre_id) values (191,null);
insert into MP_movie_genre (movie_id,genre_id) values (192,28),(192,99);
insert into MP_movie_genre (movie_id,genre_id) values (193,35);
insert into MP_movie_genre (movie_id,genre_id) values (194,18);
insert into MP_movie_genre (movie_id,genre_id) values (195,99);
insert into MP_movie_genre (movie_id,genre_id) values (196,18);
insert into MP_movie_genre (movie_id,genre_id) values (197,18);
insert into MP_movie_genre (movie_id,genre_id) values (198,18);
insert into MP_movie_genre (movie_id,genre_id) values (199,99);
insert into MP_movie_genre (movie_id,genre_id) values (200,35);
insert into MP_movie_genre (movie_id,genre_id) values (201,12),(201,16),(201,10751);
insert into MP_movie_genre (movie_id,genre_id) values (202,null);
insert into MP_movie_genre (movie_id,genre_id) values (203,18),(203,80),(203,35);
insert into MP_movie_genre (movie_id,genre_id) values (204,99);
insert into MP_movie_genre (movie_id,genre_id) values (205,18);
insert into MP_movie_genre (movie_id,genre_id) values (206,28),(206,16),(206,35);
insert into MP_movie_genre (movie_id,genre_id) values (207,16),(207,35),(207,27);
insert into MP_movie_genre (movie_id,genre_id) values (208,99);
insert into MP_movie_genre (movie_id,genre_id) values (209,18);
insert into MP_movie_genre (movie_id,genre_id) values (210,18);
insert into MP_movie_genre (movie_id,genre_id) values (211,16),(211,10751);
insert into MP_movie_genre (movie_id,genre_id) values (212,null);
insert into MP_movie_genre (movie_id,genre_id) values (213,99);
insert into MP_movie_genre (movie_id,genre_id) values (214,18),(214,10749);
insert into MP_movie_genre (movie_id,genre_id) values (215,99);
insert into MP_movie_genre (movie_id,genre_id) values (216,99),(216,10402);
insert into MP_movie_genre (movie_id,genre_id) values (217,null);
insert into MP_movie_genre (movie_id,genre_id) values (218,null);
insert into MP_movie_genre (movie_id,genre_id) values (219,18);
insert into MP_movie_genre (movie_id,genre_id) values (220,99);
insert into MP_movie_genre (movie_id,genre_id) values (221,27);
insert into MP_movie_genre (movie_id,genre_id) values (222,18),(222,10749);
insert into MP_movie_genre (movie_id,genre_id) values (223,null);
insert into MP_movie_genre (movie_id,genre_id) values (224,10751);
insert into MP_movie_genre (movie_id,genre_id) values (225,53);
insert into MP_movie_genre (movie_id,genre_id) values (226,99);
insert into MP_movie_genre (movie_id,genre_id) values (227,18),(227,878);
insert into MP_movie_genre (movie_id,genre_id) values (228,27);
insert into MP_movie_genre (movie_id,genre_id) values (229,18);
insert into MP_movie_genre (movie_id,genre_id) values (230,18);
insert into MP_movie_genre (movie_id,genre_id) values (231,16),(231,18),(231,10749);
insert into MP_movie_genre (movie_id,genre_id) values (232,18),(232,10749);
insert into MP_movie_genre (movie_id,genre_id) values (233,18);
insert into MP_movie_genre (movie_id,genre_id) values (234,35),(234,14);
insert into MP_movie_genre (movie_id,genre_id) values (235,53);
insert into MP_movie_genre (movie_id,genre_id) values (236,12),(236,16),(236,14);
insert into MP_movie_genre (movie_id,genre_id) values (237,16),(237,18),(237,14),(237,10749);
insert into MP_movie_genre (movie_id,genre_id) values (238,35);
insert into MP_movie_genre (movie_id,genre_id) values (239,35),(239,10749);
insert into MP_movie_genre (movie_id,genre_id) values (240,28),(240,12),(240,16);
insert into MP_movie_genre (movie_id,genre_id) values (241,99);
insert into MP_movie_genre (movie_id,genre_id) values (242,18),(242,36);
insert into MP_movie_genre (movie_id,genre_id) values (243,18);
insert into MP_movie_genre (movie_id,genre_id) values (244,18);
insert into MP_movie_genre (movie_id,genre_id) values (245,27),(245,53);
insert into MP_movie_genre (movie_id,genre_id) values (246,18);
insert into MP_movie_genre (movie_id,genre_id) values (247,28),(247,10752);
insert into MP_movie_genre (movie_id,genre_id) values (248,null);
insert into MP_movie_genre (movie_id,genre_id) values (249,99);
insert into MP_movie_genre (movie_id,genre_id) values (250,10749);
insert into MP_movie_genre (movie_id,genre_id) values (251,null);
insert into MP_movie_genre (movie_id,genre_id) values (252,99);
insert into MP_movie_genre (movie_id,genre_id) values (253,99);
insert into MP_movie_genre (movie_id,genre_id) values (254,null);
insert into MP_movie_genre (movie_id,genre_id) values (255,27),(255,878),(255,53);
insert into MP_movie_genre (movie_id,genre_id) values (256,18);
insert into MP_movie_genre (movie_id,genre_id) values (257,99);
insert into MP_movie_genre (movie_id,genre_id) values (258,18);
insert into MP_movie_genre (movie_id,genre_id) values (259,35),(259,18);
insert into MP_movie_genre (movie_id,genre_id) values (260,35),(260,18);
insert into MP_movie_genre (movie_id,genre_id) values (261,18),(261,35);
insert into MP_movie_genre (movie_id,genre_id) values (262,18);
insert into MP_movie_genre (movie_id,genre_id) values (263,14),(263,10751);
insert into MP_movie_genre (movie_id,genre_id) values (264,35);
insert into MP_movie_genre (movie_id,genre_id) values (265,18);
insert into MP_movie_genre (movie_id,genre_id) values (266,28);
insert into MP_movie_genre (movie_id,genre_id) values (267,18),(267,36);
insert into MP_movie_genre (movie_id,genre_id) values (268,null);
insert into MP_movie_genre (movie_id,genre_id) values (269,99),(269,10402),(269,10749);
insert into MP_movie_genre (movie_id,genre_id) values (270,35),(270,10749);
insert into MP_movie_genre (movie_id,genre_id) values (271,null);
insert into MP_movie_genre (movie_id,genre_id) values (272,18);
insert into MP_movie_genre (movie_id,genre_id) values (273,35),(273,14),(273,10749);
insert into MP_movie_genre (movie_id,genre_id) values (274,null);
insert into MP_movie_genre (movie_id,genre_id) values (275,null);
insert into MP_movie_genre (movie_id,genre_id) values (276,null);
insert into MP_movie_genre (movie_id,genre_id) values (277,18),(277,37);
insert into MP_movie_genre (movie_id,genre_id) values (278,null);
insert into MP_movie_genre (movie_id,genre_id) values (279,null);
insert into MP_movie_genre (movie_id,genre_id) values (280,null);
insert into MP_movie_genre (movie_id,genre_id) values (281,35),(281,14);
insert into MP_movie_genre (movie_id,genre_id) values (282,null);
insert into MP_movie_genre (movie_id,genre_id) values (283,null);
insert into MP_movie_genre (movie_id,genre_id) values (284,null);
insert into MP_movie_genre (movie_id,genre_id) values (285,null);
insert into MP_movie_genre (movie_id,genre_id) values (286,null);
insert into MP_movie_genre (movie_id,genre_id) values (287,27),(287,53);
insert into MP_movie_genre (movie_id,genre_id) values (288,null);
insert into MP_movie_genre (movie_id,genre_id) values (289,null);
insert into MP_movie_genre (movie_id,genre_id) values (290,null);
insert into MP_movie_genre (movie_id,genre_id) values (291,null);
insert into MP_movie_genre (movie_id,genre_id) values (292,null);
insert into MP_movie_genre (movie_id,genre_id) values (293,18),(293,10749),(293,10751);
insert into MP_movie_genre (movie_id,genre_id) values (294,35),(294,53);
insert into MP_movie_genre (movie_id,genre_id) values (295,99);
insert into MP_movie_genre (movie_id,genre_id) values (296,16),(296,35),(296,18),(296,10749);
insert into MP_movie_genre (movie_id,genre_id) values (297,18);
insert into MP_movie_genre (movie_id,genre_id) values (298,16),(298,10751);
insert into MP_movie_genre (movie_id,genre_id) values (299,18),(299,10749);
insert into MP_movie_genre (movie_id,genre_id) values (300,99);
insert into MP_movie_genre (movie_id,genre_id) values (301,99);
insert into MP_movie_genre (movie_id,genre_id) values (302,null);
insert into MP_movie_genre (movie_id,genre_id) values (303,18);
insert into MP_movie_genre (movie_id,genre_id) values (304,18);
insert into MP_movie_genre (movie_id,genre_id) values (305,27);
insert into MP_movie_genre (movie_id,genre_id) values (306,18);
insert into MP_movie_genre (movie_id,genre_id) values (307,35),(307,80);
insert into MP_movie_genre (movie_id,genre_id) values (308,18);
insert into MP_movie_genre (movie_id,genre_id) values (309,null);
insert into MP_movie_genre (movie_id,genre_id) values (310,35);
insert into MP_movie_genre (movie_id,genre_id) values (311,18);
insert into MP_movie_genre (movie_id,genre_id) values (312,null);
insert into MP_movie_genre (movie_id,genre_id) values (313,18),(313,10751);
insert into MP_movie_genre (movie_id,genre_id) values (314,878);
insert into MP_movie_genre (movie_id,genre_id) values (315,99);
insert into MP_movie_genre (movie_id,genre_id) values (316,18),(316,27);
insert into MP_movie_genre (movie_id,genre_id) values (317,35),(317,10402),(317,10749);
insert into MP_movie_genre (movie_id,genre_id) values (318,null);
insert into MP_movie_genre (movie_id,genre_id) values (319,null);
insert into MP_movie_genre (movie_id,genre_id) values (320,18);
insert into MP_movie_genre (movie_id,genre_id) values (321,16);
insert into MP_movie_genre (movie_id,genre_id) values (322,null);
insert into MP_movie_genre (movie_id,genre_id) values (323,878),(323,53),(323,10749);
insert into MP_movie_genre (movie_id,genre_id) values (324,null);
insert into MP_movie_genre (movie_id,genre_id) values (325,99),(325,10402);
insert into MP_movie_genre (movie_id,genre_id) values (326,99);
insert into MP_movie_genre (movie_id,genre_id) values (327,99),(327,10751);
insert into MP_movie_genre (movie_id,genre_id) values (328,18);
insert into MP_movie_genre (movie_id,genre_id) values (329,27);
insert into MP_movie_genre (movie_id,genre_id) values (330,18);
insert into MP_movie_genre (movie_id,genre_id) values (331,null);
insert into MP_movie_genre (movie_id,genre_id) values (332,99);
insert into MP_movie_genre (movie_id,genre_id) values (333,99);
insert into MP_movie_genre (movie_id,genre_id) values (334,18);
insert into MP_movie_genre (movie_id,genre_id) values (335,18);
insert into MP_movie_genre (movie_id,genre_id) values (336,null);
insert into MP_movie_genre (movie_id,genre_id) values (337,null);
insert into MP_movie_genre (movie_id,genre_id) values (338,null);
insert into MP_movie_genre (movie_id,genre_id) values (339,null);
insert into MP_movie_genre (movie_id,genre_id) values (340,null);
insert into MP_movie_genre (movie_id,genre_id) values (341,null);
